Component: ARM Compiler 5.06 update 1 (build 61) Tool: armlink [4d35a8]

==============================================================================

Section Cross References

    startup_stm32f429_439xx.o(RESET) refers to startup_stm32f429_439xx.o(STACK) for __initial_sp
    startup_stm32f429_439xx.o(RESET) refers to startup_stm32f429_439xx.o(.text) for Reset_Handler
    startup_stm32f429_439xx.o(RESET) refers to stm32f4xx_it.o(.text) for NMI_Handler
    startup_stm32f429_439xx.o(RESET) refers to tm_stm32f4_dma.o(.text) for DMA1_Stream0_IRQHandler
    startup_stm32f429_439xx.o(.text) refers to system_stm32f4xx.o(.text) for SystemInit
    startup_stm32f429_439xx.o(.text) refers to entry.o(.ARM.Collect$$$$00000000) for __main
    stm32f4xx_rcc.o(.text) refers to stm32f4xx_rcc.o(.data) for .data
    stm32f4xx_gpio.o(.text) refers to stm32f4xx_rcc.o(.text) for RCC_AHB1PeriphResetCmd
    stm32f4xx_dma2d.o(.text) refers to stm32f4xx_rcc.o(.text) for RCC_AHB1PeriphResetCmd
    stm32f4xx_spi.o(.text) refers to stm32f4xx_rcc.o(.text) for RCC_APB1PeriphResetCmd
    tm_stm32f4_delay.o(.text) refers to stm32f4xx_rcc.o(.text) for RCC_HSEConfig
    tm_stm32f4_delay.o(.text) refers to tm_stm32f4_delay.o(.data) for .data
    tm_stm32f4_delay.o(.text) refers to system_stm32f4xx.o(.data) for SystemCoreClock
    tm_stm32f4_disco.o(.text) refers to stm32f4xx_rcc.o(.text) for RCC_AHB1PeriphClockCmd
    tm_stm32f4_disco.o(.text) refers to stm32f4xx_gpio.o(.text) for GPIO_Init
    tm_stm32f4_disco.o(.text) refers to tm_stm32f4_disco.o(.data) for .data
    tm_stm32f4_gpio.o(.text) refers to tm_stm32f4_gpio.o(.bss) for .bss
    tm_stm32f4_ili9341.o(.text) refers to stm32f4xx_gpio.o(.text) for GPIO_ResetBits
    tm_stm32f4_ili9341.o(.text) refers to tm_stm32f4_spi.o(.text) for TM_SPI_SetDataSize
    tm_stm32f4_ili9341.o(.text) refers to tm_stm32f4_spi_dma.o(.text) for TM_SPI_DMA_SendHalfWord
    tm_stm32f4_ili9341.o(.text) refers to tm_stm32f4_gpio.o(.text) for TM_GPIO_Init
    tm_stm32f4_ili9341.o(.text) refers to tm_stm32f4_ili9341.o(.data) for .data
    tm_stm32f4_dma.o(.text) refers to misc.o(.text) for NVIC_Init
    tm_stm32f4_dma.o(.text) refers to tm_stm32f4_dma.o(.constdata) for .constdata
    tm_stm32f4_fonts.o(.text) refers to strlen.o(.text) for strlen
    tm_stm32f4_fonts.o(.data) refers to tm_stm32f4_fonts.o(.constdata) for TM_Font7x10
    tm_stm32f4_fonts.o(.data) refers to tm_stm32f4_fonts.o(.constdata) for TM_Font11x18
    tm_stm32f4_fonts.o(.data) refers to tm_stm32f4_fonts.o(.constdata) for TM_Font16x26
    tm_stm32f4_spi_dma.o(.text) refers to stm32f4xx_dma.o(.text) for DMA_DeInit
    tm_stm32f4_spi_dma.o(.text) refers to tm_stm32f4_dma.o(.text) for TM_DMA_ClearFlag
    tm_stm32f4_spi_dma.o(.text) refers to tm_stm32f4_spi_dma.o(.data) for .data
    tm_stm32f4_spi_dma.o(.text) refers to tm_stm32f4_spi_dma.o(.bss) for .bss
    tm_stm32f4_spi.o(.text) refers to tm_stm32f4_gpio.o(.text) for TM_GPIO_InitAlternate
    tm_stm32f4_spi.o(.text) refers to stm32f4xx_spi.o(.text) for SPI_StructInit
    tm_stm32f4_spi.o(.text) refers to stm32f4xx_rcc.o(.text) for RCC_GetClocksFreq
    main.o(.text) refers to tm_stm32f4_ili9341.o(.text) for TM_ILI9341_DrawFilledRectangle
    main.o(.text) refers to system_stm32f4xx.o(.text) for SystemInit
    main.o(.text) refers to tm_stm32f4_disco.o(.text) for TM_DISCO_LedInit
    main.o(.text) refers to tm_stm32f4_delay.o(.text) for TM_DELAY_Init
    main.o(.text) refers to tm_stm32f4_fonts.o(.data) for TM_Font_11x18
    main.o(.text) refers to tm_stm32f4_fonts.o(.data) for TM_Font_7x10
    main.o(.text) refers to main.o(.data) for .data
    main.o(.text) refers to tm_stm32f4_delay.o(.data) for TM_Time
    stm32f4xx_it.o(.text) refers to tm_stm32f4_delay.o(.text) for TimingDelay_Decrement
    system_stm32f4xx.o(.text) refers to system_stm32f4xx.o(.data) for .data
    entry.o(.ARM.Collect$$$$00000000) refers (Special) to entry10a.o(.ARM.Collect$$$$0000000D) for __rt_final_cpp
    entry.o(.ARM.Collect$$$$00000000) refers (Special) to entry11a.o(.ARM.Collect$$$$0000000F) for __rt_final_exit
    entry.o(.ARM.Collect$$$$00000000) refers (Special) to entry7b.o(.ARM.Collect$$$$00000008) for _main_clock
    entry.o(.ARM.Collect$$$$00000000) refers (Special) to entry8b.o(.ARM.Collect$$$$0000000A) for _main_cpp_init
    entry.o(.ARM.Collect$$$$00000000) refers (Special) to entry9a.o(.ARM.Collect$$$$0000000B) for _main_init
    entry.o(.ARM.Collect$$$$00000000) refers (Special) to entry5.o(.ARM.Collect$$$$00000004) for _main_scatterload
    entry.o(.ARM.Collect$$$$00000000) refers (Special) to entry2.o(.ARM.Collect$$$$00000001) for _main_stk
    entry2.o(.ARM.Collect$$$$00000001) refers to entry2.o(.ARM.Collect$$$$00002712) for __lit__00000000
    entry2.o(.ARM.Collect$$$$00002712) refers to startup_stm32f429_439xx.o(STACK) for __initial_sp
    entry2.o(__vectab_stack_and_reset_area) refers to startup_stm32f429_439xx.o(STACK) for __initial_sp
    entry2.o(__vectab_stack_and_reset_area) refers to entry.o(.ARM.Collect$$$$00000000) for __main
    entry5.o(.ARM.Collect$$$$00000004) refers to init.o(.text) for __scatterload
    entry9a.o(.ARM.Collect$$$$0000000B) refers to main.o(.text) for main
    entry9b.o(.ARM.Collect$$$$0000000C) refers to main.o(.text) for main
    init.o(.text) refers to entry5.o(.ARM.Collect$$$$00000004) for __main_after_scatterload


==============================================================================

Removing Unused input sections from the image.

    Removing startup_stm32f429_439xx.o(HEAP), (512 bytes).
    Removing misc.o(.rev16_text), (4 bytes).
    Removing misc.o(.revsh_text), (4 bytes).
    Removing misc.o(.rrx_text), (6 bytes).
    Removing stm32f4xx_rcc.o(.rev16_text), (4 bytes).
    Removing stm32f4xx_rcc.o(.revsh_text), (4 bytes).
    Removing stm32f4xx_rcc.o(.rrx_text), (6 bytes).
    Removing stm32f4xx_gpio.o(.rev16_text), (4 bytes).
    Removing stm32f4xx_gpio.o(.revsh_text), (4 bytes).
    Removing stm32f4xx_gpio.o(.rrx_text), (6 bytes).
    Removing stm32f4xx_dma.o(.rev16_text), (4 bytes).
    Removing stm32f4xx_dma.o(.revsh_text), (4 bytes).
    Removing stm32f4xx_dma.o(.rrx_text), (6 bytes).
    Removing stm32f4xx_dma2d.o(.rev16_text), (4 bytes).
    Removing stm32f4xx_dma2d.o(.revsh_text), (4 bytes).
    Removing stm32f4xx_dma2d.o(.rrx_text), (6 bytes).
    Removing stm32f4xx_dma2d.o(.text), (692 bytes).
    Removing stm32f4xx_spi.o(.rev16_text), (4 bytes).
    Removing stm32f4xx_spi.o(.revsh_text), (4 bytes).
    Removing stm32f4xx_spi.o(.rrx_text), (6 bytes).
    Removing tm_stm32f4_delay.o(.rev16_text), (4 bytes).
    Removing tm_stm32f4_delay.o(.revsh_text), (4 bytes).
    Removing tm_stm32f4_delay.o(.rrx_text), (6 bytes).
    Removing tm_stm32f4_delay.o(.data), (4 bytes).
    Removing tm_stm32f4_disco.o(.rev16_text), (4 bytes).
    Removing tm_stm32f4_disco.o(.revsh_text), (4 bytes).
    Removing tm_stm32f4_disco.o(.rrx_text), (6 bytes).
    Removing tm_stm32f4_gpio.o(.rev16_text), (4 bytes).
    Removing tm_stm32f4_gpio.o(.revsh_text), (4 bytes).
    Removing tm_stm32f4_gpio.o(.rrx_text), (6 bytes).
    Removing tm_stm32f4_ili9341.o(.rev16_text), (4 bytes).
    Removing tm_stm32f4_ili9341.o(.revsh_text), (4 bytes).
    Removing tm_stm32f4_ili9341.o(.rrx_text), (6 bytes).
    Removing tm_stm32f4_ili9341.o(.data), (1 bytes).
    Removing tm_stm32f4_dma.o(.rev16_text), (4 bytes).
    Removing tm_stm32f4_dma.o(.revsh_text), (4 bytes).
    Removing tm_stm32f4_dma.o(.rrx_text), (6 bytes).
    Removing tm_stm32f4_fonts.o(.rev16_text), (4 bytes).
    Removing tm_stm32f4_fonts.o(.revsh_text), (4 bytes).
    Removing tm_stm32f4_fonts.o(.rrx_text), (6 bytes).
    Removing tm_stm32f4_fonts.o(.text), (28 bytes).
    Removing tm_stm32f4_fonts.o(.constdata), (4940 bytes).
    Removing tm_stm32f4_fonts.o(.data), (8 bytes).
    Removing tm_stm32f4_spi_dma.o(.rev16_text), (4 bytes).
    Removing tm_stm32f4_spi_dma.o(.revsh_text), (4 bytes).
    Removing tm_stm32f4_spi_dma.o(.rrx_text), (6 bytes).
    Removing tm_stm32f4_spi.o(.rev16_text), (4 bytes).
    Removing tm_stm32f4_spi.o(.revsh_text), (4 bytes).
    Removing tm_stm32f4_spi.o(.rrx_text), (6 bytes).
    Removing main.o(.rev16_text), (4 bytes).
    Removing main.o(.revsh_text), (4 bytes).
    Removing main.o(.rrx_text), (6 bytes).
    Removing main.o(.data), (4 bytes).
    Removing stm32f4xx_it.o(.rev16_text), (4 bytes).
    Removing stm32f4xx_it.o(.revsh_text), (4 bytes).
    Removing stm32f4xx_it.o(.rrx_text), (6 bytes).
    Removing system_stm32f4xx.o(.rev16_text), (4 bytes).
    Removing system_stm32f4xx.o(.revsh_text), (4 bytes).
    Removing system_stm32f4xx.o(.rrx_text), (6 bytes).

59 unused section(s) (total 6427 bytes) removed from the image.

==============================================================================

Image Symbol Table

    Local Symbols

    Symbol Name                              Value     Ov Type        Size  Object(Section)

    ../clib/microlib/init/entry.s            0x00000000   Number         0  entry10b.o ABSOLUTE
    ../clib/microlib/init/entry.s            0x00000000   Number         0  entry.o ABSOLUTE
    ../clib/microlib/init/entry.s            0x00000000   Number         0  entry8b.o ABSOLUTE
    ../clib/microlib/init/entry.s            0x00000000   Number         0  entry9a.o ABSOLUTE
    ../clib/microlib/init/entry.s            0x00000000   Number         0  entry2.o ABSOLUTE
    ../clib/microlib/init/entry.s            0x00000000   Number         0  entry5.o ABSOLUTE
    ../clib/microlib/init/entry.s            0x00000000   Number         0  entry7a.o ABSOLUTE
    ../clib/microlib/init/entry.s            0x00000000   Number         0  entry7b.o ABSOLUTE
    ../clib/microlib/init/entry.s            0x00000000   Number         0  entry11b.o ABSOLUTE
    ../clib/microlib/init/entry.s            0x00000000   Number         0  entry8a.o ABSOLUTE
    ../clib/microlib/init/entry.s            0x00000000   Number         0  entry11a.o ABSOLUTE
    ../clib/microlib/init/entry.s            0x00000000   Number         0  entry9b.o ABSOLUTE
    ../clib/microlib/init/entry.s            0x00000000   Number         0  entry10a.o ABSOLUTE
    ../clib/microlib/string/strlen.c         0x00000000   Number         0  strlen.o ABSOLUTE
    ..\00-STM32F429_LIBRARIES\tm_stm32f4_delay.c 0x00000000   Number         0  tm_stm32f4_delay.o ABSOLUTE
    ..\00-STM32F429_LIBRARIES\tm_stm32f4_disco.c 0x00000000   Number         0  tm_stm32f4_disco.o ABSOLUTE
    ..\00-STM32F429_LIBRARIES\tm_stm32f4_dma.c 0x00000000   Number         0  tm_stm32f4_dma.o ABSOLUTE
    ..\00-STM32F429_LIBRARIES\tm_stm32f4_fonts.c 0x00000000   Number         0  tm_stm32f4_fonts.o ABSOLUTE
    ..\00-STM32F429_LIBRARIES\tm_stm32f4_gpio.c 0x00000000   Number         0  tm_stm32f4_gpio.o ABSOLUTE
    ..\00-STM32F429_LIBRARIES\tm_stm32f4_ili9341.c 0x00000000   Number         0  tm_stm32f4_ili9341.o ABSOLUTE
    ..\00-STM32F429_LIBRARIES\tm_stm32f4_spi.c 0x00000000   Number         0  tm_stm32f4_spi.o ABSOLUTE
    ..\00-STM32F429_LIBRARIES\tm_stm32f4_spi_dma.c 0x00000000   Number         0  tm_stm32f4_spi_dma.o ABSOLUTE
    ..\00-STM32F4xx_STANDARD_PERIPHERAL_DRIVERS\CMSIS\Device\ST\STM32F4xx\Source\Templates\arm\startup_stm32f429_439xx.s 0x00000000   Number         0  startup_stm32f429_439xx.o ABSOLUTE
    ..\00-STM32F4xx_STANDARD_PERIPHERAL_DRIVERS\STM32F4xx_StdPeriph_Driver\src\misc.c 0x00000000   Number         0  misc.o ABSOLUTE
    ..\00-STM32F4xx_STANDARD_PERIPHERAL_DRIVERS\STM32F4xx_StdPeriph_Driver\src\stm32f4xx_dma.c 0x00000000   Number         0  stm32f4xx_dma.o ABSOLUTE
    ..\00-STM32F4xx_STANDARD_PERIPHERAL_DRIVERS\STM32F4xx_StdPeriph_Driver\src\stm32f4xx_dma2d.c 0x00000000   Number         0  stm32f4xx_dma2d.o ABSOLUTE
    ..\00-STM32F4xx_STANDARD_PERIPHERAL_DRIVERS\STM32F4xx_StdPeriph_Driver\src\stm32f4xx_gpio.c 0x00000000   Number         0  stm32f4xx_gpio.o ABSOLUTE
    ..\00-STM32F4xx_STANDARD_PERIPHERAL_DRIVERS\STM32F4xx_StdPeriph_Driver\src\stm32f4xx_rcc.c 0x00000000   Number         0  stm32f4xx_rcc.o ABSOLUTE
    ..\00-STM32F4xx_STANDARD_PERIPHERAL_DRIVERS\STM32F4xx_StdPeriph_Driver\src\stm32f4xx_spi.c 0x00000000   Number         0  stm32f4xx_spi.o ABSOLUTE
    ..\\00-STM32F429_LIBRARIES\\tm_stm32f4_delay.c 0x00000000   Number         0  tm_stm32f4_delay.o ABSOLUTE
    ..\\00-STM32F429_LIBRARIES\\tm_stm32f4_disco.c 0x00000000   Number         0  tm_stm32f4_disco.o ABSOLUTE
    ..\\00-STM32F429_LIBRARIES\\tm_stm32f4_dma.c 0x00000000   Number         0  tm_stm32f4_dma.o ABSOLUTE
    ..\\00-STM32F429_LIBRARIES\\tm_stm32f4_fonts.c 0x00000000   Number         0  tm_stm32f4_fonts.o ABSOLUTE
    ..\\00-STM32F429_LIBRARIES\\tm_stm32f4_gpio.c 0x00000000   Number         0  tm_stm32f4_gpio.o ABSOLUTE
    ..\\00-STM32F429_LIBRARIES\\tm_stm32f4_ili9341.c 0x00000000   Number         0  tm_stm32f4_ili9341.o ABSOLUTE
    ..\\00-STM32F429_LIBRARIES\\tm_stm32f4_spi.c 0x00000000   Number         0  tm_stm32f4_spi.o ABSOLUTE
    ..\\00-STM32F429_LIBRARIES\\tm_stm32f4_spi_dma.c 0x00000000   Number         0  tm_stm32f4_spi_dma.o ABSOLUTE
    ..\\00-STM32F4xx_STANDARD_PERIPHERAL_DRIVERS\\STM32F4xx_StdPeriph_Driver\\src\\misc.c 0x00000000   Number         0  misc.o ABSOLUTE
    ..\\00-STM32F4xx_STANDARD_PERIPHERAL_DRIVERS\\STM32F4xx_StdPeriph_Driver\\src\\stm32f4xx_dma.c 0x00000000   Number         0  stm32f4xx_dma.o ABSOLUTE
    ..\\00-STM32F4xx_STANDARD_PERIPHERAL_DRIVERS\\STM32F4xx_StdPeriph_Driver\\src\\stm32f4xx_dma2d.c 0x00000000   Number         0  stm32f4xx_dma2d.o ABSOLUTE
    ..\\00-STM32F4xx_STANDARD_PERIPHERAL_DRIVERS\\STM32F4xx_StdPeriph_Driver\\src\\stm32f4xx_gpio.c 0x00000000   Number         0  stm32f4xx_gpio.o ABSOLUTE
    ..\\00-STM32F4xx_STANDARD_PERIPHERAL_DRIVERS\\STM32F4xx_StdPeriph_Driver\\src\\stm32f4xx_rcc.c 0x00000000   Number         0  stm32f4xx_rcc.o ABSOLUTE
    ..\\00-STM32F4xx_STANDARD_PERIPHERAL_DRIVERS\\STM32F4xx_StdPeriph_Driver\\src\\stm32f4xx_spi.c 0x00000000   Number         0  stm32f4xx_spi.o ABSOLUTE
    User\\main.c                             0x00000000   Number         0  main.o ABSOLUTE
    User\\stm32f4xx_it.c                     0x00000000   Number         0  stm32f4xx_it.o ABSOLUTE
    User\\system_stm32f4xx.c                 0x00000000   Number         0  system_stm32f4xx.o ABSOLUTE
    User\main.c                              0x00000000   Number         0  main.o ABSOLUTE
    User\stm32f4xx_it.c                      0x00000000   Number         0  stm32f4xx_it.o ABSOLUTE
    User\system_stm32f4xx.c                  0x00000000   Number         0  system_stm32f4xx.o ABSOLUTE
    dc.s                                     0x00000000   Number         0  dc.o ABSOLUTE
    handlers.s                               0x00000000   Number         0  handlers.o ABSOLUTE
    init.s                                   0x00000000   Number         0  init.o ABSOLUTE
    RESET                                    0x08000000   Section      428  startup_stm32f429_439xx.o(RESET)
    .ARM.Collect$$$$00000000                 0x080001ac   Section        0  entry.o(.ARM.Collect$$$$00000000)
    .ARM.Collect$$$$00000001                 0x080001ac   Section        4  entry2.o(.ARM.Collect$$$$00000001)
    .ARM.Collect$$$$00000004                 0x080001b0   Section        4  entry5.o(.ARM.Collect$$$$00000004)
    .ARM.Collect$$$$00000008                 0x080001b4   Section        0  entry7b.o(.ARM.Collect$$$$00000008)
    .ARM.Collect$$$$0000000A                 0x080001b4   Section        0  entry8b.o(.ARM.Collect$$$$0000000A)
    .ARM.Collect$$$$0000000B                 0x080001b4   Section        8  entry9a.o(.ARM.Collect$$$$0000000B)
    .ARM.Collect$$$$0000000D                 0x080001bc   Section        0  entry10a.o(.ARM.Collect$$$$0000000D)
    .ARM.Collect$$$$0000000F                 0x080001bc   Section        0  entry11a.o(.ARM.Collect$$$$0000000F)
    .ARM.Collect$$$$00002712                 0x080001bc   Section        4  entry2.o(.ARM.Collect$$$$00002712)
    __lit__00000000                          0x080001bc   Data           4  entry2.o(.ARM.Collect$$$$00002712)
    .text                                    0x080001c0   Section       36  startup_stm32f429_439xx.o(.text)
    $v0                                      0x080001c0   Number         0  startup_stm32f429_439xx.o(.text)
    .text                                    0x080001e4   Section        0  misc.o(.text)
    .text                                    0x08000294   Section        0  stm32f4xx_rcc.o(.text)
    .text                                    0x08000718   Section        0  stm32f4xx_gpio.o(.text)
    .text                                    0x08000924   Section        0  stm32f4xx_dma.o(.text)
    .text                                    0x08000c44   Section        0  stm32f4xx_spi.o(.text)
    .text                                    0x08000f70   Section        0  tm_stm32f4_delay.o(.text)
    .text                                    0x08001010   Section        0  tm_stm32f4_disco.o(.text)
    .text                                    0x080010ac   Section        0  tm_stm32f4_gpio.o(.text)
    .text                                    0x08001348   Section        0  tm_stm32f4_ili9341.o(.text)
    TM_SPI_Send                              0x08001349   Thumb Code    42  tm_stm32f4_ili9341.o(.text)
    .text                                    0x08001cac   Section        0  tm_stm32f4_dma.o(.text)
    TM_DMA_INT_ProcessInterrupt              0x08001dcd   Thumb Code   102  tm_stm32f4_dma.o(.text)
    .text                                    0x08001ea0   Section        0  tm_stm32f4_spi_dma.o(.text)
    TM_SPI_DMA_INT_GetSettings               0x08001ea1   Thumb Code    62  tm_stm32f4_spi_dma.o(.text)
    .text                                    0x08002188   Section        0  tm_stm32f4_spi.o(.text)
    TM_SPIx_Init                             0x0800230d   Thumb Code   290  tm_stm32f4_spi.o(.text)
    .text                                    0x080027c8   Section        0  main.o(.text)
    .text                                    0x08002b18   Section        0  stm32f4xx_it.o(.text)
    .text                                    0x08002b34   Section        0  system_stm32f4xx.o(.text)
    SetSysClock                              0x08002b35   Thumb Code   190  system_stm32f4xx.o(.text)
    .text                                    0x08002ccc   Section       36  init.o(.text)
    i.__scatterload_copy                     0x08002cf0   Section       14  handlers.o(i.__scatterload_copy)
    i.__scatterload_null                     0x08002cfe   Section        2  handlers.o(i.__scatterload_null)
    i.__scatterload_zeroinit                 0x08002d00   Section       14  handlers.o(i.__scatterload_zeroinit)
    .constdata                               0x08002d0e   Section       20  tm_stm32f4_dma.o(.constdata)
    DMA_Flags_Bit_Pos                        0x08002d0e   Data           4  tm_stm32f4_dma.o(.constdata)
    DMA_IRQs                                 0x08002d12   Data          16  tm_stm32f4_dma.o(.constdata)
    .constdata                               0x08002d22   Section     1900  tm_stm32f4_fonts.o(.constdata)
    .constdata                               0x0800348e   Section     3420  tm_stm32f4_fonts.o(.constdata)
    .data                                    0x20000000   Section       16  stm32f4xx_rcc.o(.data)
    APBAHBPrescTable                         0x20000000   Data          16  stm32f4xx_rcc.o(.data)
    .data                                    0x20000010   Section       16  tm_stm32f4_delay.o(.data)
    .data                                    0x20000020   Section        1  tm_stm32f4_disco.o(.data)
    .data                                    0x20000022   Section       10  tm_stm32f4_ili9341.o(.data)
    .data                                    0x2000002c   Section        8  tm_stm32f4_fonts.o(.data)
    .data                                    0x20000034   Section        8  tm_stm32f4_fonts.o(.data)
    .data                                    0x2000003c   Section      144  tm_stm32f4_spi_dma.o(.data)
    SPI1_DMA_INT                             0x2000003c   Data          24  tm_stm32f4_spi_dma.o(.data)
    SPI2_DMA_INT                             0x20000054   Data          24  tm_stm32f4_spi_dma.o(.data)
    SPI3_DMA_INT                             0x2000006c   Data          24  tm_stm32f4_spi_dma.o(.data)
    SPI4_DMA_INT                             0x20000084   Data          24  tm_stm32f4_spi_dma.o(.data)
    SPI5_DMA_INT                             0x2000009c   Data          24  tm_stm32f4_spi_dma.o(.data)
    SPI6_DMA_INT                             0x200000b4   Data          24  tm_stm32f4_spi_dma.o(.data)
    .data                                    0x200000cc   Section       38  main.o(.data)
    .data                                    0x200000f4   Section       20  system_stm32f4xx.o(.data)
    .bss                                     0x20000108   Section       22  tm_stm32f4_gpio.o(.bss)
    GPIO_UsedPins                            0x20000108   Data          22  tm_stm32f4_gpio.o(.bss)
    .bss                                     0x20000120   Section       60  tm_stm32f4_spi_dma.o(.bss)
    DMA_InitStruct                           0x20000120   Data          60  tm_stm32f4_spi_dma.o(.bss)
    STACK                                    0x20000160   Section     1024  startup_stm32f429_439xx.o(STACK)

    Global Symbols

    Symbol Name                              Value     Ov Type        Size  Object(Section)

    BuildAttributes$$THM_ISAv4$E$P$D$K$B$S$7EM$VFPi3$EXTD16$VFPS$VFMA$PE$A:L22UL41UL21$X:L11$S22US41US21$IEEE1$IW$USESV6$~STKCKD$USESV7$~SHL$OSPACE$EBA8$MICROLIB$REQ8$PRES8$EABIv2 0x00000000   Number         0  anon$$obj.o ABSOLUTE
    __ARM_use_no_argv                        0x00000000   Number         0  main.o ABSOLUTE
    TM_DELAY_1msHandler                       - Undefined Weak Reference
    __cpp_initialize__aeabi_                  - Undefined Weak Reference
    __cxa_finalize                            - Undefined Weak Reference
    __decompress                              - Undefined Weak Reference
    _clock_init                               - Undefined Weak Reference
    _microlib_exit                            - Undefined Weak Reference
    __Vectors_Size                           0x000001ac   Number         0  startup_stm32f429_439xx.o ABSOLUTE
    __Vectors                                0x08000000   Data           4  startup_stm32f429_439xx.o(RESET)
    __Vectors_End                            0x080001ac   Data           0  startup_stm32f429_439xx.o(RESET)
    __main                                   0x080001ad   Thumb Code     0  entry.o(.ARM.Collect$$$$00000000)
    _main_stk                                0x080001ad   Thumb Code     0  entry2.o(.ARM.Collect$$$$00000001)
    _main_scatterload                        0x080001b1   Thumb Code     0  entry5.o(.ARM.Collect$$$$00000004)
    __main_after_scatterload                 0x080001b5   Thumb Code     0  entry5.o(.ARM.Collect$$$$00000004)
    _main_clock                              0x080001b5   Thumb Code     0  entry7b.o(.ARM.Collect$$$$00000008)
    _main_cpp_init                           0x080001b5   Thumb Code     0  entry8b.o(.ARM.Collect$$$$0000000A)
    _main_init                               0x080001b5   Thumb Code     0  entry9a.o(.ARM.Collect$$$$0000000B)
    __rt_final_cpp                           0x080001bd   Thumb Code     0  entry10a.o(.ARM.Collect$$$$0000000D)
    __rt_final_exit                          0x080001bd   Thumb Code     0  entry11a.o(.ARM.Collect$$$$0000000F)
    Reset_Handler                            0x080001c1   Thumb Code     8  startup_stm32f429_439xx.o(.text)
    ADC_IRQHandler                           0x080001db   Thumb Code     0  startup_stm32f429_439xx.o(.text)
    CAN1_RX0_IRQHandler                      0x080001db   Thumb Code     0  startup_stm32f429_439xx.o(.text)
    CAN1_RX1_IRQHandler                      0x080001db   Thumb Code     0  startup_stm32f429_439xx.o(.text)
    CAN1_SCE_IRQHandler                      0x080001db   Thumb Code     0  startup_stm32f429_439xx.o(.text)
    CAN1_TX_IRQHandler                       0x080001db   Thumb Code     0  startup_stm32f429_439xx.o(.text)
    CAN2_RX0_IRQHandler                      0x080001db   Thumb Code     0  startup_stm32f429_439xx.o(.text)
    CAN2_RX1_IRQHandler                      0x080001db   Thumb Code     0  startup_stm32f429_439xx.o(.text)
    CAN2_SCE_IRQHandler                      0x080001db   Thumb Code     0  startup_stm32f429_439xx.o(.text)
    CAN2_TX_IRQHandler                       0x080001db   Thumb Code     0  startup_stm32f429_439xx.o(.text)
    CRYP_IRQHandler                          0x080001db   Thumb Code     0  startup_stm32f429_439xx.o(.text)
    DCMI_IRQHandler                          0x080001db   Thumb Code     0  startup_stm32f429_439xx.o(.text)
    DMA2D_IRQHandler                         0x080001db   Thumb Code     0  startup_stm32f429_439xx.o(.text)
    ETH_IRQHandler                           0x080001db   Thumb Code     0  startup_stm32f429_439xx.o(.text)
    ETH_WKUP_IRQHandler                      0x080001db   Thumb Code     0  startup_stm32f429_439xx.o(.text)
    EXTI0_IRQHandler                         0x080001db   Thumb Code     0  startup_stm32f429_439xx.o(.text)
    EXTI15_10_IRQHandler                     0x080001db   Thumb Code     0  startup_stm32f429_439xx.o(.text)
    EXTI1_IRQHandler                         0x080001db   Thumb Code     0  startup_stm32f429_439xx.o(.text)
    EXTI2_IRQHandler                         0x080001db   Thumb Code     0  startup_stm32f429_439xx.o(.text)
    EXTI3_IRQHandler                         0x080001db   Thumb Code     0  startup_stm32f429_439xx.o(.text)
    EXTI4_IRQHandler                         0x080001db   Thumb Code     0  startup_stm32f429_439xx.o(.text)
    EXTI9_5_IRQHandler                       0x080001db   Thumb Code     0  startup_stm32f429_439xx.o(.text)
    FLASH_IRQHandler                         0x080001db   Thumb Code     0  startup_stm32f429_439xx.o(.text)
    FMC_IRQHandler                           0x080001db   Thumb Code     0  startup_stm32f429_439xx.o(.text)
    FPU_IRQHandler                           0x080001db   Thumb Code     0  startup_stm32f429_439xx.o(.text)
    HASH_RNG_IRQHandler                      0x080001db   Thumb Code     0  startup_stm32f429_439xx.o(.text)
    I2C1_ER_IRQHandler                       0x080001db   Thumb Code     0  startup_stm32f429_439xx.o(.text)
    I2C1_EV_IRQHandler                       0x080001db   Thumb Code     0  startup_stm32f429_439xx.o(.text)
    I2C2_ER_IRQHandler                       0x080001db   Thumb Code     0  startup_stm32f429_439xx.o(.text)
    I2C2_EV_IRQHandler                       0x080001db   Thumb Code     0  startup_stm32f429_439xx.o(.text)
    I2C3_ER_IRQHandler                       0x080001db   Thumb Code     0  startup_stm32f429_439xx.o(.text)
    I2C3_EV_IRQHandler                       0x080001db   Thumb Code     0  startup_stm32f429_439xx.o(.text)
    LTDC_ER_IRQHandler                       0x080001db   Thumb Code     0  startup_stm32f429_439xx.o(.text)
    LTDC_IRQHandler                          0x080001db   Thumb Code     0  startup_stm32f429_439xx.o(.text)
    OTG_FS_IRQHandler                        0x080001db   Thumb Code     0  startup_stm32f429_439xx.o(.text)
    OTG_FS_WKUP_IRQHandler                   0x080001db   Thumb Code     0  startup_stm32f429_439xx.o(.text)
    OTG_HS_EP1_IN_IRQHandler                 0x080001db   Thumb Code     0  startup_stm32f429_439xx.o(.text)
    OTG_HS_EP1_OUT_IRQHandler                0x080001db   Thumb Code     0  startup_stm32f429_439xx.o(.text)
    OTG_HS_IRQHandler                        0x080001db   Thumb Code     0  startup_stm32f429_439xx.o(.text)
    OTG_HS_WKUP_IRQHandler                   0x080001db   Thumb Code     0  startup_stm32f429_439xx.o(.text)
    PVD_IRQHandler                           0x080001db   Thumb Code     0  startup_stm32f429_439xx.o(.text)
    RCC_IRQHandler                           0x080001db   Thumb Code     0  startup_stm32f429_439xx.o(.text)
    RTC_Alarm_IRQHandler                     0x080001db   Thumb Code     0  startup_stm32f429_439xx.o(.text)
    RTC_WKUP_IRQHandler                      0x080001db   Thumb Code     0  startup_stm32f429_439xx.o(.text)
    SAI1_IRQHandler                          0x080001db   Thumb Code     0  startup_stm32f429_439xx.o(.text)
    SDIO_IRQHandler                          0x080001db   Thumb Code     0  startup_stm32f429_439xx.o(.text)
    SPI1_IRQHandler                          0x080001db   Thumb Code     0  startup_stm32f429_439xx.o(.text)
    SPI2_IRQHandler                          0x080001db   Thumb Code     0  startup_stm32f429_439xx.o(.text)
    SPI3_IRQHandler                          0x080001db   Thumb Code     0  startup_stm32f429_439xx.o(.text)
    SPI4_IRQHandler                          0x080001db   Thumb Code     0  startup_stm32f429_439xx.o(.text)
    SPI5_IRQHandler                          0x080001db   Thumb Code     0  startup_stm32f429_439xx.o(.text)
    SPI6_IRQHandler                          0x080001db   Thumb Code     0  startup_stm32f429_439xx.o(.text)
    TAMP_STAMP_IRQHandler                    0x080001db   Thumb Code     0  startup_stm32f429_439xx.o(.text)
    TIM1_BRK_TIM9_IRQHandler                 0x080001db   Thumb Code     0  startup_stm32f429_439xx.o(.text)
    TIM1_CC_IRQHandler                       0x080001db   Thumb Code     0  startup_stm32f429_439xx.o(.text)
    TIM1_TRG_COM_TIM11_IRQHandler            0x080001db   Thumb Code     0  startup_stm32f429_439xx.o(.text)
    TIM1_UP_TIM10_IRQHandler                 0x080001db   Thumb Code     0  startup_stm32f429_439xx.o(.text)
    TIM2_IRQHandler                          0x080001db   Thumb Code     0  startup_stm32f429_439xx.o(.text)
    TIM3_IRQHandler                          0x080001db   Thumb Code     0  startup_stm32f429_439xx.o(.text)
    TIM4_IRQHandler                          0x080001db   Thumb Code     0  startup_stm32f429_439xx.o(.text)
    TIM5_IRQHandler                          0x080001db   Thumb Code     0  startup_stm32f429_439xx.o(.text)
    TIM6_DAC_IRQHandler                      0x080001db   Thumb Code     0  startup_stm32f429_439xx.o(.text)
    TIM7_IRQHandler                          0x080001db   Thumb Code     0  startup_stm32f429_439xx.o(.text)
    TIM8_BRK_TIM12_IRQHandler                0x080001db   Thumb Code     0  startup_stm32f429_439xx.o(.text)
    TIM8_CC_IRQHandler                       0x080001db   Thumb Code     0  startup_stm32f429_439xx.o(.text)
    TIM8_TRG_COM_TIM14_IRQHandler            0x080001db   Thumb Code     0  startup_stm32f429_439xx.o(.text)
    TIM8_UP_TIM13_IRQHandler                 0x080001db   Thumb Code     0  startup_stm32f429_439xx.o(.text)
    UART4_IRQHandler                         0x080001db   Thumb Code     0  startup_stm32f429_439xx.o(.text)
    UART5_IRQHandler                         0x080001db   Thumb Code     0  startup_stm32f429_439xx.o(.text)
    UART7_IRQHandler                         0x080001db   Thumb Code     0  startup_stm32f429_439xx.o(.text)
    UART8_IRQHandler                         0x080001db   Thumb Code     0  startup_stm32f429_439xx.o(.text)
    USART1_IRQHandler                        0x080001db   Thumb Code     0  startup_stm32f429_439xx.o(.text)
    USART2_IRQHandler                        0x080001db   Thumb Code     0  startup_stm32f429_439xx.o(.text)
    USART3_IRQHandler                        0x080001db   Thumb Code     0  startup_stm32f429_439xx.o(.text)
    USART6_IRQHandler                        0x080001db   Thumb Code     0  startup_stm32f429_439xx.o(.text)
    WWDG_IRQHandler                          0x080001db   Thumb Code     0  startup_stm32f429_439xx.o(.text)
    NVIC_PriorityGroupConfig                 0x080001e5   Thumb Code    10  misc.o(.text)
    NVIC_Init                                0x080001ef   Thumb Code    96  misc.o(.text)
    NVIC_SetVectorTable                      0x0800024f   Thumb Code    14  misc.o(.text)
    NVIC_SystemLPConfig                      0x0800025d   Thumb Code    20  misc.o(.text)
    SysTick_CLKSourceConfig                  0x08000271   Thumb Code    24  misc.o(.text)
    RCC_DeInit                               0x08000295   Thumb Code    68  stm32f4xx_rcc.o(.text)
    RCC_HSEConfig                            0x080002d9   Thumb Code    12  stm32f4xx_rcc.o(.text)
    RCC_GetFlagStatus                        0x080002e5   Thumb Code    46  stm32f4xx_rcc.o(.text)
    RCC_WaitForHSEStartUp                    0x08000313   Thumb Code    44  stm32f4xx_rcc.o(.text)
    RCC_AdjustHSICalibrationValue            0x0800033f   Thumb Code    16  stm32f4xx_rcc.o(.text)
    RCC_HSICmd                               0x0800034f   Thumb Code     6  stm32f4xx_rcc.o(.text)
    RCC_LSEConfig                            0x08000355   Thumb Code    24  stm32f4xx_rcc.o(.text)
    RCC_LSICmd                               0x0800036d   Thumb Code     6  stm32f4xx_rcc.o(.text)
    RCC_PLLConfig                            0x08000373   Thumb Code    32  stm32f4xx_rcc.o(.text)
    RCC_PLLCmd                               0x08000393   Thumb Code     6  stm32f4xx_rcc.o(.text)
    RCC_PLLI2SConfig                         0x08000399   Thumb Code    18  stm32f4xx_rcc.o(.text)
    RCC_PLLI2SCmd                            0x080003ab   Thumb Code     6  stm32f4xx_rcc.o(.text)
    RCC_PLLSAIConfig                         0x080003b1   Thumb Code    18  stm32f4xx_rcc.o(.text)
    RCC_PLLSAICmd                            0x080003c3   Thumb Code     6  stm32f4xx_rcc.o(.text)
    RCC_ClockSecuritySystemCmd               0x080003c9   Thumb Code     6  stm32f4xx_rcc.o(.text)
    RCC_MCO1Config                           0x080003cf   Thumb Code    18  stm32f4xx_rcc.o(.text)
    RCC_MCO2Config                           0x080003e1   Thumb Code    18  stm32f4xx_rcc.o(.text)
    RCC_SYSCLKConfig                         0x080003f3   Thumb Code    16  stm32f4xx_rcc.o(.text)
    RCC_GetSYSCLKSource                      0x08000403   Thumb Code    12  stm32f4xx_rcc.o(.text)
    RCC_HCLKConfig                           0x0800040f   Thumb Code    16  stm32f4xx_rcc.o(.text)
    RCC_PCLK1Config                          0x0800041f   Thumb Code    16  stm32f4xx_rcc.o(.text)
    RCC_PCLK2Config                          0x0800042f   Thumb Code    18  stm32f4xx_rcc.o(.text)
    RCC_GetClocksFreq                        0x08000441   Thumb Code   134  stm32f4xx_rcc.o(.text)
    RCC_RTCCLKConfig                         0x080004c7   Thumb Code    42  stm32f4xx_rcc.o(.text)
    RCC_RTCCLKCmd                            0x080004f1   Thumb Code     8  stm32f4xx_rcc.o(.text)
    RCC_BackupResetCmd                       0x080004f9   Thumb Code     8  stm32f4xx_rcc.o(.text)
    RCC_I2SCLKConfig                         0x08000501   Thumb Code     8  stm32f4xx_rcc.o(.text)
    RCC_SAIBlockACLKConfig                   0x08000509   Thumb Code    16  stm32f4xx_rcc.o(.text)
    RCC_SAIBlockBCLKConfig                   0x08000519   Thumb Code    16  stm32f4xx_rcc.o(.text)
    RCC_SAIPLLI2SClkDivConfig                0x08000529   Thumb Code    18  stm32f4xx_rcc.o(.text)
    RCC_SAIPLLSAIClkDivConfig                0x0800053b   Thumb Code    24  stm32f4xx_rcc.o(.text)
    RCC_LTDCCLKDivConfig                     0x08000553   Thumb Code    16  stm32f4xx_rcc.o(.text)
    RCC_TIMCLKPresConfig                     0x08000563   Thumb Code     8  stm32f4xx_rcc.o(.text)
    RCC_AHB1PeriphClockCmd                   0x0800056b   Thumb Code    20  stm32f4xx_rcc.o(.text)
    RCC_AHB2PeriphClockCmd                   0x0800057f   Thumb Code    20  stm32f4xx_rcc.o(.text)
    RCC_AHB3PeriphClockCmd                   0x08000593   Thumb Code    20  stm32f4xx_rcc.o(.text)
    RCC_APB1PeriphClockCmd                   0x080005a7   Thumb Code    20  stm32f4xx_rcc.o(.text)
    RCC_APB2PeriphClockCmd                   0x080005bb   Thumb Code    20  stm32f4xx_rcc.o(.text)
    RCC_AHB1PeriphResetCmd                   0x080005cf   Thumb Code    20  stm32f4xx_rcc.o(.text)
    RCC_AHB2PeriphResetCmd                   0x080005e3   Thumb Code    20  stm32f4xx_rcc.o(.text)
    RCC_AHB3PeriphResetCmd                   0x080005f7   Thumb Code    20  stm32f4xx_rcc.o(.text)
    RCC_APB1PeriphResetCmd                   0x0800060b   Thumb Code    20  stm32f4xx_rcc.o(.text)
    RCC_APB2PeriphResetCmd                   0x0800061f   Thumb Code    20  stm32f4xx_rcc.o(.text)
    RCC_AHB1PeriphClockLPModeCmd             0x08000633   Thumb Code    20  stm32f4xx_rcc.o(.text)
    RCC_AHB2PeriphClockLPModeCmd             0x08000647   Thumb Code    20  stm32f4xx_rcc.o(.text)
    RCC_AHB3PeriphClockLPModeCmd             0x0800065b   Thumb Code    20  stm32f4xx_rcc.o(.text)
    RCC_APB1PeriphClockLPModeCmd             0x0800066f   Thumb Code    64  stm32f4xx_rcc.o(.text)
    RCC_APB2PeriphClockLPModeCmd             0x080006af   Thumb Code    18  stm32f4xx_rcc.o(.text)
    RCC_LSEModeConfig                        0x080006c1   Thumb Code    24  stm32f4xx_rcc.o(.text)
    RCC_ITConfig                             0x080006d9   Thumb Code    20  stm32f4xx_rcc.o(.text)
    RCC_ClearFlag                            0x080006ed   Thumb Code    14  stm32f4xx_rcc.o(.text)
    RCC_GetITStatus                          0x080006fb   Thumb Code    18  stm32f4xx_rcc.o(.text)
    RCC_ClearITPendingBit                    0x0800070d   Thumb Code     8  stm32f4xx_rcc.o(.text)
    GPIO_DeInit                              0x08000719   Thumb Code   216  stm32f4xx_gpio.o(.text)
    GPIO_Init                                0x080007f1   Thumb Code   120  stm32f4xx_gpio.o(.text)
    GPIO_StructInit                          0x08000869   Thumb Code    18  stm32f4xx_gpio.o(.text)
    GPIO_PinLockConfig                       0x0800087b   Thumb Code    24  stm32f4xx_gpio.o(.text)
    GPIO_ReadInputDataBit                    0x08000893   Thumb Code    14  stm32f4xx_gpio.o(.text)
    GPIO_ReadInputData                       0x080008a1   Thumb Code     6  stm32f4xx_gpio.o(.text)
    GPIO_ReadOutputDataBit                   0x080008a7   Thumb Code    14  stm32f4xx_gpio.o(.text)
    GPIO_ReadOutputData                      0x080008b5   Thumb Code     6  stm32f4xx_gpio.o(.text)
    GPIO_SetBits                             0x080008bb   Thumb Code     4  stm32f4xx_gpio.o(.text)
    GPIO_ResetBits                           0x080008bf   Thumb Code     4  stm32f4xx_gpio.o(.text)
    GPIO_WriteBit                            0x080008c3   Thumb Code    10  stm32f4xx_gpio.o(.text)
    GPIO_Write                               0x080008cd   Thumb Code     4  stm32f4xx_gpio.o(.text)
    GPIO_ToggleBits                          0x080008d1   Thumb Code     8  stm32f4xx_gpio.o(.text)
    GPIO_PinAFConfig                         0x080008d9   Thumb Code    32  stm32f4xx_gpio.o(.text)
    DMA_DeInit                               0x08000925   Thumb Code   272  stm32f4xx_dma.o(.text)
    DMA_Init                                 0x08000a35   Thumb Code    80  stm32f4xx_dma.o(.text)
    DMA_StructInit                           0x08000a85   Thumb Code    34  stm32f4xx_dma.o(.text)
    DMA_Cmd                                  0x08000aa7   Thumb Code    20  stm32f4xx_dma.o(.text)
    DMA_PeriphIncOffsetSizeConfig            0x08000abb   Thumb Code    20  stm32f4xx_dma.o(.text)
    DMA_FlowControllerConfig                 0x08000acf   Thumb Code    20  stm32f4xx_dma.o(.text)
    DMA_SetCurrDataCounter                   0x08000ae3   Thumb Code     4  stm32f4xx_dma.o(.text)
    DMA_GetCurrDataCounter                   0x08000ae7   Thumb Code     6  stm32f4xx_dma.o(.text)
    DMA_DoubleBufferModeConfig               0x08000aed   Thumb Code    22  stm32f4xx_dma.o(.text)
    DMA_DoubleBufferModeCmd                  0x08000b03   Thumb Code    20  stm32f4xx_dma.o(.text)
    DMA_MemoryTargetConfig                   0x08000b17   Thumb Code    10  stm32f4xx_dma.o(.text)
    DMA_GetCurrentMemoryTarget               0x08000b21   Thumb Code    14  stm32f4xx_dma.o(.text)
    DMA_GetCmdStatus                         0x08000b2f   Thumb Code    14  stm32f4xx_dma.o(.text)
    DMA_GetFIFOStatus                        0x08000b3d   Thumb Code     8  stm32f4xx_dma.o(.text)
    DMA_GetFlagStatus                        0x08000b45   Thumb Code    42  stm32f4xx_dma.o(.text)
    DMA_ClearFlag                            0x08000b6f   Thumb Code    34  stm32f4xx_dma.o(.text)
    DMA_ITConfig                             0x08000b91   Thumb Code    44  stm32f4xx_dma.o(.text)
    DMA_GetITStatus                          0x08000bbd   Thumb Code    70  stm32f4xx_dma.o(.text)
    DMA_ClearITPendingBit                    0x08000c03   Thumb Code    34  stm32f4xx_dma.o(.text)
    SPI_I2S_DeInit                           0x08000c45   Thumb Code   108  stm32f4xx_spi.o(.text)
    SPI_Init                                 0x08000cb1   Thumb Code    56  stm32f4xx_spi.o(.text)
    I2S_Init                                 0x08000ce9   Thumb Code   198  stm32f4xx_spi.o(.text)
    SPI_StructInit                           0x08000daf   Thumb Code    24  stm32f4xx_spi.o(.text)
    I2S_StructInit                           0x08000dc7   Thumb Code    18  stm32f4xx_spi.o(.text)
    SPI_Cmd                                  0x08000dd9   Thumb Code    20  stm32f4xx_spi.o(.text)
    I2S_Cmd                                  0x08000ded   Thumb Code    20  stm32f4xx_spi.o(.text)
    SPI_DataSizeConfig                       0x08000e01   Thumb Code    16  stm32f4xx_spi.o(.text)
    SPI_BiDirectionalLineConfig              0x08000e11   Thumb Code    22  stm32f4xx_spi.o(.text)
    SPI_NSSInternalSoftwareConfig            0x08000e27   Thumb Code    24  stm32f4xx_spi.o(.text)
    SPI_SSOutputCmd                          0x08000e3f   Thumb Code    20  stm32f4xx_spi.o(.text)
    SPI_TIModeCmd                            0x08000e53   Thumb Code    20  stm32f4xx_spi.o(.text)
    I2S_FullDuplexConfig                     0x08000e67   Thumb Code    58  stm32f4xx_spi.o(.text)
    SPI_I2S_ReceiveData                      0x08000ea1   Thumb Code     4  stm32f4xx_spi.o(.text)
    SPI_I2S_SendData                         0x08000ea5   Thumb Code     4  stm32f4xx_spi.o(.text)
    SPI_CalculateCRC                         0x08000ea9   Thumb Code    20  stm32f4xx_spi.o(.text)
    SPI_TransmitCRC                          0x08000ebd   Thumb Code    10  stm32f4xx_spi.o(.text)
    SPI_GetCRC                               0x08000ec7   Thumb Code    12  stm32f4xx_spi.o(.text)
    SPI_GetCRCPolynomial                     0x08000ed3   Thumb Code     4  stm32f4xx_spi.o(.text)
    SPI_I2S_DMACmd                           0x08000ed7   Thumb Code    16  stm32f4xx_spi.o(.text)
    SPI_I2S_ITConfig                         0x08000ee7   Thumb Code    24  stm32f4xx_spi.o(.text)
    SPI_I2S_GetFlagStatus                    0x08000eff   Thumb Code    14  stm32f4xx_spi.o(.text)
    SPI_I2S_ClearFlag                        0x08000f0d   Thumb Code     6  stm32f4xx_spi.o(.text)
    SPI_I2S_GetITStatus                      0x08000f13   Thumb Code    44  stm32f4xx_spi.o(.text)
    SPI_I2S_ClearITPendingBit                0x08000f3f   Thumb Code    14  stm32f4xx_spi.o(.text)
    TimingDelay_Decrement                    0x08000f71   Thumb Code    26  tm_stm32f4_delay.o(.text)
    TM_DELAY_Init                            0x08000f8b   Thumb Code    82  tm_stm32f4_delay.o(.text)
    TM_DELAY_EnableDelayTimer                0x08000fdd   Thumb Code    22  tm_stm32f4_delay.o(.text)
    TM_DELAY_DisableDelayTimer               0x08000ff3   Thumb Code    14  tm_stm32f4_delay.o(.text)
    TM_DISCO_LedInit                         0x08001011   Thumb Code    48  tm_stm32f4_disco.o(.text)
    TM_DISCO_ButtonInit                      0x08001041   Thumb Code    44  tm_stm32f4_disco.o(.text)
    TM_DISCO_ButtonOnPressed                 0x0800106d   Thumb Code    26  tm_stm32f4_disco.o(.text)
    TM_DISCO_ButtonOnReleased                0x08001087   Thumb Code    26  tm_stm32f4_disco.o(.text)
    TM_GPIO_GetPortSource                    0x080010ad   Thumb Code    10  tm_stm32f4_gpio.o(.text)
    TM_GPIO_INT_Init                         0x080010b7   Thumb Code   130  tm_stm32f4_gpio.o(.text)
    TM_GPIO_INT_EnableClock                  0x08001139   Thumb Code    20  tm_stm32f4_gpio.o(.text)
    TM_GPIO_Init                             0x0800114d   Thumb Code    34  tm_stm32f4_gpio.o(.text)
    TM_GPIO_InitAlternate                    0x0800116f   Thumb Code    92  tm_stm32f4_gpio.o(.text)
    TM_GPIO_DeInit                           0x080011cb   Thumb Code    66  tm_stm32f4_gpio.o(.text)
    TM_GPIO_SetPinAsInput                    0x0800120d   Thumb Code    38  tm_stm32f4_gpio.o(.text)
    TM_GPIO_SetPinAsOutput                   0x08001233   Thumb Code    46  tm_stm32f4_gpio.o(.text)
    TM_GPIO_SetPinAsAnalog                   0x08001261   Thumb Code    38  tm_stm32f4_gpio.o(.text)
    TM_GPIO_SetPinAsAlternate                0x08001287   Thumb Code    48  tm_stm32f4_gpio.o(.text)
    TM_GPIO_SetPullResistor                  0x080012b7   Thumb Code    46  tm_stm32f4_gpio.o(.text)
    TM_GPIO_Lock                             0x080012e5   Thumb Code    16  tm_stm32f4_gpio.o(.text)
    TM_GPIO_GetPinSource                     0x080012f5   Thumb Code    18  tm_stm32f4_gpio.o(.text)
    TM_GPIO_INT_DisableClock                 0x08001307   Thumb Code    20  tm_stm32f4_gpio.o(.text)
    TM_GPIO_GetUsedPins                      0x0800131b   Thumb Code    14  tm_stm32f4_gpio.o(.text)
    TM_GPIO_GetFreePins                      0x08001329   Thumb Code    18  tm_stm32f4_gpio.o(.text)
    TM_ILI9341_SendCommand                   0x08001373   Thumb Code    44  tm_stm32f4_ili9341.o(.text)
    TM_ILI9341_SendData                      0x0800139f   Thumb Code    44  tm_stm32f4_ili9341.o(.text)
    TM_ILI9341_SetCursorPosition             0x080013cb   Thumb Code    74  tm_stm32f4_ili9341.o(.text)
    TM_ILI9341_INT_Fill                      0x08001415   Thumb Code   146  tm_stm32f4_ili9341.o(.text)
    TM_ILI9341_Fill                          0x080014a7   Thumb Code    26  tm_stm32f4_ili9341.o(.text)
    TM_ILI9341_Delay                         0x080014c1   Thumb Code    16  tm_stm32f4_ili9341.o(.text)
    TM_ILI9341_InitLCD                       0x080014d1   Thumb Code   620  tm_stm32f4_ili9341.o(.text)
    TM_ILI9341_Init                          0x0800173d   Thumb Code   142  tm_stm32f4_ili9341.o(.text)
    TM_ILI9341_DisplayOn                     0x080017cb   Thumb Code     4  tm_stm32f4_ili9341.o(.text)
    TM_ILI9341_DisplayOff                    0x080017cf   Thumb Code     4  tm_stm32f4_ili9341.o(.text)
    TM_ILI9341_DrawPixel                     0x080017d3   Thumb Code    34  tm_stm32f4_ili9341.o(.text)
    TM_ILI9341_Rotate                        0x080017f5   Thumb Code    78  tm_stm32f4_ili9341.o(.text)
    TM_ILI9341_Putc                          0x08001843   Thumb Code   152  tm_stm32f4_ili9341.o(.text)
    TM_ILI9341_Puts                          0x080018db   Thumb Code    86  tm_stm32f4_ili9341.o(.text)
    TM_ILI9341_GetStringSize                 0x08001931   Thumb Code    28  tm_stm32f4_ili9341.o(.text)
    TM_ILI9341_DrawLine                      0x0800194d   Thumb Code   218  tm_stm32f4_ili9341.o(.text)
    TM_ILI9341_DrawRectangle                 0x08001a27   Thumb Code    68  tm_stm32f4_ili9341.o(.text)
    TM_ILI9341_DrawFilledRectangle           0x08001a6b   Thumb Code    44  tm_stm32f4_ili9341.o(.text)
    TM_ILI9341_DrawCircle                    0x08001a97   Thumb Code   284  tm_stm32f4_ili9341.o(.text)
    TM_ILI9341_DrawFilledCircle              0x08001bb3   Thumb Code   248  tm_stm32f4_ili9341.o(.text)
    TM_DMA_ClearFlag                         0x08001cad   Thumb Code    52  tm_stm32f4_dma.o(.text)
    TM_DMA_ClearFlags                        0x08001ce1   Thumb Code     4  tm_stm32f4_dma.o(.text)
    TM_DMA_GetFlags                          0x08001ce5   Thumb Code    52  tm_stm32f4_dma.o(.text)
    TM_DMA_EnableInterrupts                  0x08001d19   Thumb Code    94  tm_stm32f4_dma.o(.text)
    TM_DMA_DisableInterrupts                 0x08001d77   Thumb Code    76  tm_stm32f4_dma.o(.text)
    TM_DMA_TransferCompleteHandler           0x08001dc3   Thumb Code     2  tm_stm32f4_dma.o(.text)
    TM_DMA_HalfTransferCompleteHandler       0x08001dc5   Thumb Code     2  tm_stm32f4_dma.o(.text)
    TM_DMA_TransferErrorHandler              0x08001dc7   Thumb Code     2  tm_stm32f4_dma.o(.text)
    TM_DMA_DirectModeErrorHandler            0x08001dc9   Thumb Code     2  tm_stm32f4_dma.o(.text)
    TM_DMA_FIFOErrorHandler                  0x08001dcb   Thumb Code     2  tm_stm32f4_dma.o(.text)
    DMA1_Stream0_IRQHandler                  0x08001e33   Thumb Code     6  tm_stm32f4_dma.o(.text)
    DMA1_Stream1_IRQHandler                  0x08001e39   Thumb Code     6  tm_stm32f4_dma.o(.text)
    DMA1_Stream2_IRQHandler                  0x08001e3f   Thumb Code     6  tm_stm32f4_dma.o(.text)
    DMA1_Stream3_IRQHandler                  0x08001e45   Thumb Code     6  tm_stm32f4_dma.o(.text)
    DMA1_Stream4_IRQHandler                  0x08001e4b   Thumb Code     6  tm_stm32f4_dma.o(.text)
    DMA1_Stream5_IRQHandler                  0x08001e51   Thumb Code     6  tm_stm32f4_dma.o(.text)
    DMA1_Stream6_IRQHandler                  0x08001e57   Thumb Code     6  tm_stm32f4_dma.o(.text)
    DMA1_Stream7_IRQHandler                  0x08001e5d   Thumb Code     6  tm_stm32f4_dma.o(.text)
    DMA2_Stream0_IRQHandler                  0x08001e63   Thumb Code     4  tm_stm32f4_dma.o(.text)
    DMA2_Stream1_IRQHandler                  0x08001e67   Thumb Code     6  tm_stm32f4_dma.o(.text)
    DMA2_Stream2_IRQHandler                  0x08001e6d   Thumb Code     6  tm_stm32f4_dma.o(.text)
    DMA2_Stream3_IRQHandler                  0x08001e73   Thumb Code     6  tm_stm32f4_dma.o(.text)
    DMA2_Stream4_IRQHandler                  0x08001e79   Thumb Code     6  tm_stm32f4_dma.o(.text)
    DMA2_Stream5_IRQHandler                  0x08001e7f   Thumb Code     6  tm_stm32f4_dma.o(.text)
    DMA2_Stream6_IRQHandler                  0x08001e85   Thumb Code     6  tm_stm32f4_dma.o(.text)
    DMA2_Stream7_IRQHandler                  0x08001e8b   Thumb Code     6  tm_stm32f4_dma.o(.text)
    TM_SPI_DMA_Init                          0x08001edf   Thumb Code    74  tm_stm32f4_spi_dma.o(.text)
    TM_SPI_DMA_InitWithStreamAndChannel      0x08001f29   Thumb Code    30  tm_stm32f4_spi_dma.o(.text)
    TM_SPI_DMA_Deinit                        0x08001f47   Thumb Code    24  tm_stm32f4_spi_dma.o(.text)
    TM_SPI_DMA_Transmit                      0x08001f5f   Thumb Code   210  tm_stm32f4_spi_dma.o(.text)
    TM_SPI_DMA_SendByte                      0x08002031   Thumb Code    94  tm_stm32f4_spi_dma.o(.text)
    TM_SPI_DMA_SendHalfWord                  0x0800208f   Thumb Code   102  tm_stm32f4_spi_dma.o(.text)
    TM_SPI_DMA_Working                       0x080020f5   Thumb Code    40  tm_stm32f4_spi_dma.o(.text)
    TM_SPI_DMA_GetStreamTX                   0x0800211d   Thumb Code    10  tm_stm32f4_spi_dma.o(.text)
    TM_SPI_DMA_GetStreamRX                   0x08002127   Thumb Code    10  tm_stm32f4_spi_dma.o(.text)
    TM_SPI_DMA_EnableInterrupts              0x08002131   Thumb Code    24  tm_stm32f4_spi_dma.o(.text)
    TM_SPI_DMA_DisableInterrupts             0x08002149   Thumb Code    24  tm_stm32f4_spi_dma.o(.text)
    TM_SPI_InitCustomPinsCallback            0x08002189   Thumb Code     2  tm_stm32f4_spi.o(.text)
    TM_SPI6_INT_InitPins                     0x0800218b   Thumb Code    42  tm_stm32f4_spi.o(.text)
    TM_SPI5_INT_InitPins                     0x080021b5   Thumb Code    76  tm_stm32f4_spi.o(.text)
    TM_SPI4_INT_InitPins                     0x08002201   Thumb Code    60  tm_stm32f4_spi.o(.text)
    TM_SPI3_INT_InitPins                     0x0800223d   Thumb Code    60  tm_stm32f4_spi.o(.text)
    TM_SPI2_INT_InitPins                     0x08002279   Thumb Code    90  tm_stm32f4_spi.o(.text)
    TM_SPI1_INT_InitPins                     0x080022d3   Thumb Code    58  tm_stm32f4_spi.o(.text)
    TM_SPI_Init                              0x0800242f   Thumb Code   136  tm_stm32f4_spi.o(.text)
    TM_SPI_InitWithMode                      0x080024b7   Thumb Code   134  tm_stm32f4_spi.o(.text)
    TM_SPI_InitFull                          0x0800253d   Thumb Code   200  tm_stm32f4_spi.o(.text)
    TM_SPI_GetPrescalerFromMaxFrequency      0x08002605   Thumb Code    78  tm_stm32f4_spi.o(.text)
    TM_SPI_SetDataSize                       0x08002653   Thumb Code    44  tm_stm32f4_spi.o(.text)
    TM_SPI_SendMulti                         0x0800267f   Thumb Code    52  tm_stm32f4_spi.o(.text)
    TM_SPI_WriteMulti                        0x080026b3   Thumb Code    50  tm_stm32f4_spi.o(.text)
    TM_SPI_ReadMulti                         0x080026e5   Thumb Code    50  tm_stm32f4_spi.o(.text)
    TM_SPI_SendMulti16                       0x08002717   Thumb Code    56  tm_stm32f4_spi.o(.text)
    TM_SPI_WriteMulti16                      0x0800274f   Thumb Code    52  tm_stm32f4_spi.o(.text)
    TM_SPI_ReadMulti16                       0x08002783   Thumb Code    52  tm_stm32f4_spi.o(.text)
    DrawFilledSquare                         0x080027c9   Thumb Code    18  main.o(.text)
    BoardInit                                0x080027db   Thumb Code   168  main.o(.text)
    ClearBoard                               0x08002883   Thumb Code    24  main.o(.text)
    ClearNextTilePanel                       0x0800289b   Thumb Code    12  main.o(.text)
    DrawFilledSquareNextTile                 0x080028a7   Thumb Code    40  main.o(.text)
    DrawNextTile                             0x080028cf   Thumb Code   290  main.o(.text)
    DrawSquareOnTileBoard                    0x080029f1   Thumb Code    40  main.o(.text)
    main                                     0x08002a19   Thumb Code   198  main.o(.text)
    NMI_Handler                              0x08002b19   Thumb Code     2  stm32f4xx_it.o(.text)
    HardFault_Handler                        0x08002b1b   Thumb Code     2  stm32f4xx_it.o(.text)
    MemManage_Handler                        0x08002b1d   Thumb Code     2  stm32f4xx_it.o(.text)
    BusFault_Handler                         0x08002b1f   Thumb Code     2  stm32f4xx_it.o(.text)
    UsageFault_Handler                       0x08002b21   Thumb Code     2  stm32f4xx_it.o(.text)
    SVC_Handler                              0x08002b23   Thumb Code     2  stm32f4xx_it.o(.text)
    DebugMon_Handler                         0x08002b25   Thumb Code     2  stm32f4xx_it.o(.text)
    PendSV_Handler                           0x08002b27   Thumb Code     2  stm32f4xx_it.o(.text)
    SysTick_Handler                          0x08002b2b   Thumb Code     8  stm32f4xx_it.o(.text)
    SystemInit                               0x08002bf3   Thumb Code    74  system_stm32f4xx.o(.text)
    SystemCoreClockUpdate                    0x08002c3d   Thumb Code   108  system_stm32f4xx.o(.text)
    __scatterload                            0x08002ccd   Thumb Code    28  init.o(.text)
    __scatterload_rt2                        0x08002ccd   Thumb Code     0  init.o(.text)
    __scatterload_copy                       0x08002cf1   Thumb Code    14  handlers.o(i.__scatterload_copy)
    __scatterload_null                       0x08002cff   Thumb Code     2  handlers.o(i.__scatterload_null)
    __scatterload_zeroinit                   0x08002d01   Thumb Code    14  handlers.o(i.__scatterload_zeroinit)
    TM_Font7x10                              0x08002d22   Data        1900  tm_stm32f4_fonts.o(.constdata)
    TM_Font11x18                             0x0800348e   Data        3420  tm_stm32f4_fonts.o(.constdata)
    Region$$Table$$Base                      0x080041ec   Number         0  anon$$obj.o(Region$$Table)
    Region$$Table$$Limit                     0x0800420c   Number         0  anon$$obj.o(Region$$Table)
    TM_DELAY_Initialized                     0x20000010   Data           1  tm_stm32f4_delay.o(.data)
    TM_Time                                  0x20000014   Data           4  tm_stm32f4_delay.o(.data)
    TM_Time2                                 0x20000018   Data           4  tm_stm32f4_delay.o(.data)
    mult                                     0x2000001c   Data           4  tm_stm32f4_delay.o(.data)
    TM_INT_DISCO_ButtonPressed               0x20000020   Data           1  tm_stm32f4_disco.o(.data)
    ILI9341_x                                0x20000022   Data           2  tm_stm32f4_ili9341.o(.data)
    ILI9341_y                                0x20000024   Data           2  tm_stm32f4_ili9341.o(.data)
    ILI9341_Opts                             0x20000026   Data           6  tm_stm32f4_ili9341.o(.data)
    TM_Font_7x10                             0x2000002c   Data           8  tm_stm32f4_fonts.o(.data)
    TM_Font_11x18                            0x20000034   Data           8  tm_stm32f4_fonts.o(.data)
    mode                                     0x200000cc   Data           2  main.o(.data)
    j                                        0x200000d0   Data           4  main.o(.data)
    k                                        0x200000d4   Data           4  main.o(.data)
    z                                        0x200000d8   Data           4  main.o(.data)
    score                                    0x200000dc   Data           6  main.o(.data)
    magenta                                  0x200000e2   Data           8  main.o(.data)
    black                                    0x200000ea   Data           8  main.o(.data)
    SystemCoreClock                          0x200000f4   Data           4  system_stm32f4xx.o(.data)
    AHBPrescTable                            0x200000f8   Data          16  system_stm32f4xx.o(.data)
    __initial_sp                             0x20000560   Data           0  startup_stm32f429_439xx.o(STACK)



==============================================================================

Memory Map of the image

  Image Entry point : 0x080001ad

  Load Region LR_IROM1 (Base: 0x08000000, Size: 0x00004314, Max: 0x00200000, ABSOLUTE)

    Execution Region ER_IROM1 (Base: 0x08000000, Size: 0x0000420c, Max: 0x00200000, ABSOLUTE)

    Base Addr    Size         Type   Attr      Idx    E Section Name        Object

    0x08000000   0x000001ac   Data   RO            3    RESET               startup_stm32f429_439xx.o
    0x080001ac   0x00000000   Code   RO          647  * .ARM.Collect$$$$00000000  mc_w.l(entry.o)
    0x080001ac   0x00000004   Code   RO          652    .ARM.Collect$$$$00000001  mc_w.l(entry2.o)
    0x080001b0   0x00000004   Code   RO          655    .ARM.Collect$$$$00000004  mc_w.l(entry5.o)
    0x080001b4   0x00000000   Code   RO          657    .ARM.Collect$$$$00000008  mc_w.l(entry7b.o)
    0x080001b4   0x00000000   Code   RO          659    .ARM.Collect$$$$0000000A  mc_w.l(entry8b.o)
    0x080001b4   0x00000008   Code   RO          660    .ARM.Collect$$$$0000000B  mc_w.l(entry9a.o)
    0x080001bc   0x00000000   Code   RO          662    .ARM.Collect$$$$0000000D  mc_w.l(entry10a.o)
    0x080001bc   0x00000000   Code   RO          664    .ARM.Collect$$$$0000000F  mc_w.l(entry11a.o)
    0x080001bc   0x00000004   Code   RO          653    .ARM.Collect$$$$00002712  mc_w.l(entry2.o)
    0x080001c0   0x00000024   Code   RO            4    .text               startup_stm32f429_439xx.o
    0x080001e4   0x000000b0   Code   RO           13    .text               misc.o
    0x08000294   0x00000484   Code   RO          151    .text               stm32f4xx_rcc.o
    0x08000718   0x0000020c   Code   RO          177    .text               stm32f4xx_gpio.o
    0x08000924   0x00000320   Code   RO          201    .text               stm32f4xx_dma.o
    0x08000c44   0x0000032c   Code   RO          249    .text               stm32f4xx_spi.o
    0x08000f70   0x000000a0   Code   RO          273    .text               tm_stm32f4_delay.o
    0x08001010   0x0000009c   Code   RO          314    .text               tm_stm32f4_disco.o
    0x080010ac   0x0000029c   Code   RO          344    .text               tm_stm32f4_gpio.o
    0x08001348   0x00000962   Code   RO          377    .text               tm_stm32f4_ili9341.o
    0x08001caa   0x00000002   PAD
    0x08001cac   0x000001f4   Code   RO          428    .text               tm_stm32f4_dma.o
    0x08001ea0   0x000002e8   Code   RO          493    .text               tm_stm32f4_spi_dma.o
    0x08002188   0x00000640   Code   RO          526    .text               tm_stm32f4_spi.o
    0x080027c8   0x00000350   Code   RO          551    .text               main.o
    0x08002b18   0x0000001a   Code   RO          593    .text               stm32f4xx_it.o
    0x08002b32   0x00000002   PAD
    0x08002b34   0x00000198   Code   RO          620    .text               system_stm32f4xx.o
    0x08002ccc   0x00000024   Code   RO          666    .text               mc_w.l(init.o)
    0x08002cf0   0x0000000e   Code   RO          670    i.__scatterload_copy  mc_w.l(handlers.o)
    0x08002cfe   0x00000002   Code   RO          671    i.__scatterload_null  mc_w.l(handlers.o)
    0x08002d00   0x0000000e   Code   RO          672    i.__scatterload_zeroinit  mc_w.l(handlers.o)
    0x08002d0e   0x00000014   Data   RO          429    .constdata          tm_stm32f4_dma.o
    0x08002d22   0x0000076c   Data   RO          459    .constdata          tm_stm32f4_fonts.o
    0x0800348e   0x00000d5c   Data   RO          460    .constdata          tm_stm32f4_fonts.o
    0x080041ea   0x00000002   PAD
    0x080041ec   0x00000020   Data   RO          668    Region$$Table       anon$$obj.o


    Execution Region RW_IRAM1 (Base: 0x20000000, Size: 0x00000560, Max: 0x00030000, ABSOLUTE)

    Base Addr    Size         Type   Attr      Idx    E Section Name        Object

    0x20000000   0x00000010   Data   RW          152    .data               stm32f4xx_rcc.o
    0x20000010   0x00000010   Data   RW          275    .data               tm_stm32f4_delay.o
    0x20000020   0x00000001   Data   RW          315    .data               tm_stm32f4_disco.o
    0x20000021   0x00000001   PAD
    0x20000022   0x0000000a   Data   RW          379    .data               tm_stm32f4_ili9341.o
    0x2000002c   0x00000008   Data   RW          462    .data               tm_stm32f4_fonts.o
    0x20000034   0x00000008   Data   RW          463    .data               tm_stm32f4_fonts.o
    0x2000003c   0x00000090   Data   RW          495    .data               tm_stm32f4_spi_dma.o
    0x200000cc   0x00000026   Data   RW          552    .data               main.o
    0x200000f2   0x00000002   PAD
    0x200000f4   0x00000014   Data   RW          621    .data               system_stm32f4xx.o
    0x20000108   0x00000016   Zero   RW          345    .bss                tm_stm32f4_gpio.o
    0x2000011e   0x00000002   PAD
    0x20000120   0x0000003c   Zero   RW          494    .bss                tm_stm32f4_spi_dma.o
    0x2000015c   0x00000004   PAD
    0x20000160   0x00000400   Zero   RW            1    STACK               startup_stm32f429_439xx.o


==============================================================================

Image component sizes


      Code (inc. data)   RO Data    RW Data    ZI Data      Debug   Object Name

       848         66          0         38          0       4257   main.o
       176         12          0          0          0     292361   misc.o
        36          8        428          0       1024       1076   startup_stm32f429_439xx.o
       800         32          0          0          0       7401   stm32f4xx_dma.o
       524         44          0          0          0       4909   stm32f4xx_gpio.o
        26          0          0          0          0       1500   stm32f4xx_it.o
      1156         48          0         16          0      13928   stm32f4xx_rcc.o
       812         36          0          0          0       7809   stm32f4xx_spi.o
       408         36          0         20          0       2107   system_stm32f4xx.o
       160         16          0         16          0      28682   tm_stm32f4_delay.o
       156         12          0          1          0       2027   tm_stm32f4_disco.o
       500         16         20          0          0      32465   tm_stm32f4_dma.o
         0          0       5320         16          0       1605   tm_stm32f4_fonts.o
       668         14          0          0         22       7790   tm_stm32f4_gpio.o
      2402         34          0         10          0      15642   tm_stm32f4_ili9341.o
      1600         78          0          0          0       7253   tm_stm32f4_spi.o
       744         40          0        144         60       7810   tm_stm32f4_spi_dma.o

    ----------------------------------------------------------------------
     11020        492       5802        264       1112     438622   Object Totals
         0          0         32          0          0          0   (incl. Generated)
         4          0          2          3          6          0   (incl. Padding)

    ----------------------------------------------------------------------

      Code (inc. data)   RO Data    RW Data    ZI Data      Debug   Library Member Name

         0          0          0          0          0          0   entry.o
         0          0          0          0          0          0   entry10a.o
         0          0          0          0          0          0   entry11a.o
         8          4          0          0          0          0   entry2.o
         4          0          0          0          0          0   entry5.o
         0          0          0          0          0          0   entry7b.o
         0          0          0          0          0          0   entry8b.o
         8          4          0          0          0          0   entry9a.o
        30          0          0          0          0          0   handlers.o
        36          8          0          0          0         68   init.o

    ----------------------------------------------------------------------
        86         16          0          0          0         68   Library Totals
         0          0          0          0          0          0   (incl. Padding)

    ----------------------------------------------------------------------

      Code (inc. data)   RO Data    RW Data    ZI Data      Debug   Library Name

        86         16          0          0          0         68   mc_w.l

    ----------------------------------------------------------------------
        86         16          0          0          0         68   Library Totals

    ----------------------------------------------------------------------

==============================================================================


      Code (inc. data)   RO Data    RW Data    ZI Data      Debug   

     11106        508       5802        264       1112     435294   Grand Totals
     11106        508       5802        264       1112     435294   ELF Image Totals
     11106        508       5802        264          0          0   ROM Totals

==============================================================================

    Total RO  Size (Code + RO Data)                16908 (  16.51kB)
    Total RW  Size (RW Data + ZI Data)              1376 (   1.34kB)
    Total ROM Size (Code + RO Data + RW Data)      17172 (  16.77kB)

==============================================================================

