<html>
<body>
<pre>
<h1>µVision Build Log</h1>
<h2>Tool Versions:</h2>
IDE-Version: µVision V5.18a
Copyright (C) 2016 ARM Ltd and ARM Germany GmbH. All rights reserved.
License Information: Katarzyna Gorska, -, LIC=----
 
Tool Versions:
Toolchain:       MDK-Lite  Version: 5.18a
Toolchain Path:  C:\Keil_v5\ARM\ARMCC\Bin
C Compiler:      Armcc.exe V5.06 update 1 (build 61)
Assembler:       Armasm.exe V5.06 update 1 (build 61)
Linker/Locator:  ArmLink.exe V5.06 update 1 (build 61)
Library Manager: ArmAr.exe V5.06 update 1 (build 61)
Hex Converter:   FromElf.exe V5.06 update 1 (build 61)
CPU DLL:         SARMCM3.DLL V5.18a
Dialog DLL:      DCM.DLL V1.13.6.0
Target DLL:      STLink\ST-LINKIII-KEIL_SWO.dll V2.0.18.0
Dialog DLL:      TCM.DLL V1.14.8.0
 
<h2>Project:</h2>
C:\Users\Katarzyna\Dropbox\Magisterskie\16L\MARM\Tetris\01-STM32F4xx_Keil_CMSIS_Default_Project\project.uvprojx
Project File Date:  06/05/2016

<h2>Output:</h2>
*** Using Compiler 'V5.06 update 1 (build 61)', folder: 'C:\Keil_v5\ARM\ARMCC\Bin'
Build target 'STM32F411E-Discovery'
assembling startup_stm32f411xe.s...
compiling misc.c...
compiling stm32f4xx_rcc.c...
compiling stm32f4xx_gpio.c...
compiling tm_stm32f4_delay.c...
compiling tm_stm32f4_disco.c...
compiling tm_stm32f4_gpio.c...
compiling main.c...
compiling stm32f4xx_it.c...
compiling system_stm32f4xx.c...
linking...
Program Size: Code=2544 RO-data=440 RW-data=56 ZI-data=1024  
FromELF: creating hex file...
".\Targets\STM32F411_Discovery\project.axf" - 0 Error(s), 0 Warning(s).

<h2>Collection of Component include folders:</h2>
  C:\Users\Katarzyna\Dropbox\Magisterskie\16L\MARM\Tetris\01-STM32F4xx_Keil_CMSIS_Default_Project\RTE
  C:\Keil_v5\ARM\PACK\Keil\STM32F4xx_DFP\2.8.0\Drivers\CMSIS\Device\ST\STM32F4xx\Include

<h2>Collection of Component Files used:</h2>
Build Time Elapsed:  00:00:25
</pre>
</body>
</html>
